TYPE CONSTRUCTORS
  data type T{2} :: forall k. k -> *
    roles nominal representational
FAMILY INSTANCES
  type instance forall k (a :: k).
                  T @@ a = () :: Constraint -- Defined at TH_Roles2.hs:7:4
Dependent modules: []
Dependent packages: [array-0.5.4.0, base-4.14.0.0, deepseq-1.4.4.0,
                     ghc-boot-th-8.10.1, ghc-prim-0.6.1, integer-gmp-1.0.3.0,
                     pretty-1.1.3.6, template-haskell-2.16.0.0]

==================== Typechecker ====================
TH_Roles2.$tcT
  = GHC.Types.TyCon
      11651627537942629178## 11503899791410937231## TH_Roles2.$trModule
      (GHC.Types.TrNameS "T"#) 1 $krep
$krep [InlPrag=NOUSERINLINE[~]] = GHC.Types.KindRepVar 0
$krep [InlPrag=NOUSERINLINE[~]]
  = GHC.Types.KindRepFun $krep GHC.Types.krep$*
TH_Roles2.$trModule
  = GHC.Types.Module
      (GHC.Types.TrNameS "main"#) (GHC.Types.TrNameS "TH_Roles2"#)

