
T12785b.hs:26:9: error:
    • Illegal visible, dependent quantification in the type of a term:
        forall (n :: Peano) -> forall a1. (a1 -> *) -> HTree n a1 -> *
      (GHC does not yet support this)
    • In the type signature:
        nest :: HTree m (Hidden (S m) f) -> Hidden m (STree ('S m) f)
