
T14884.hs:4:5: error:
    • Found hole: _ :: (a0 -> IO ()) -> [Char] -> IO ()
      Where: ‘a0’ is an ambiguous type variable
    • In the expression: _
      In the expression: _ print "abc"
      In an equation for ‘x’: x = _ print "abc"
    • Relevant bindings include x :: IO () (bound at T14884.hs:4:1)
      Valid hole fits include
        mapM_ :: forall (t :: * -> *) (m :: * -> *) a b.
                 (m @@ b, m @@ (), t @@ a, Monad m, Foldable t) =>
                 (a -> m b) -> t a -> m ()
          with mapM_ @[] @IO @Char @()
          (imported from ‘Prelude’ at T14884.hs:1:8-13
           (and originally defined in ‘Data.Foldable’))
        foldMap :: forall (t :: * -> *) m a.
                   (Foldable t, t @@ a, Monoid m) =>
                   (a -> m) -> t a -> m
          with foldMap @[] @(IO ()) @Char
          (imported from ‘Prelude’ at T14884.hs:1:8-13
           (and originally defined in ‘Data.Foldable’))
        ($) :: forall a b. (a -> b) -> a -> b
          with ($) @'GHC.Types.LiftedRep @[Char] @(IO ())
          (imported from ‘Prelude’ at T14884.hs:1:8-13
           (and originally defined in ‘GHC.Base’))
        ($!) :: forall a b. (a -> b) -> a -> b
          with ($!) @'GHC.Types.LiftedRep @[Char] @(IO ())
          (imported from ‘Prelude’ at T14884.hs:1:8-13
           (and originally defined in ‘GHC.Base’))
        id :: forall a. a -> a
          with id @([Char] -> IO ())
          (imported from ‘Prelude’ at T14884.hs:1:8-13
           (and originally defined in ‘GHC.Base’))

T14884.hs:4:7: error:
    • Ambiguous type variable ‘a0’ arising from a use of ‘print’
      prevents the constraint ‘(Show a0)’ from being solved.
      Probable fix: use a type annotation to specify what ‘a0’ should be.
      These potential instances exist:
        instance (Show a, Show b) => Show (Either a b)
          -- Defined in ‘Data.Either’
        instance Show Ordering -- Defined in ‘GHC.Show’
        instance Show Integer -- Defined in ‘GHC.Show’
        ...plus 23 others
        ...plus 67 instances involving out-of-scope types
        (use -fprint-potential-instances to see them all)
    • In the first argument of ‘_’, namely ‘print’
      In the expression: _ print "abc"
      In an equation for ‘x’: x = _ print "abc"
