
tcfail072.hs:23:13: error:
    • Could not deduce (Ord q0) arising from a use of ‘g’
      from the context: (AB p @@ q, AB @@ p, Ord q, Ord p)
        bound by the type signature for:
                   g :: forall p q.
                        (AB p @@ q, AB @@ p, Ord q, Ord p) =>
                        AB p q -> Bool
        at tcfail072.hs:22:1-38
      The type variable ‘q0’ is ambiguous
      These potential instances exist:
        instance (Ord a, Ord b) => Ord (Either a b)
          -- Defined in ‘Data.Either’
        instance Ord Ordering -- Defined in ‘GHC.Classes’
        instance Ord Integer
          -- Defined in ‘integer-gmp-1.0.3.0:GHC.Integer.Type’
        ...plus 23 others
        ...plus 55 instances involving out-of-scope types
        (use -fprint-potential-instances to see them all)
    • In the expression: g A
      In an equation for ‘g’: g (B _ _) = g A
