
tcfail197.hs:6:7: error:
    • Cannot instantiate unification variable ‘a0’
      with a type involving polytypes: [forall a. a] -> Int
        GHC doesn't yet support impredicative polymorphism
    • In the expression: error "urk"
      In an equation for ‘foo’: foo = error "urk"
