
TcStaticPointersFail02.hs:9:6: error:
    • No instance for (base-4.14.0.0:Data.Typeable.Internal.Typeable b)
        arising from a static form
    • In the expression: static (undefined :: (forall a. a -> a) -> b)
      In an equation for ‘f1’:
          f1 = static (undefined :: (forall a. a -> a) -> b)

TcStaticPointersFail02.hs:12:6: error:
    • Could not deduce (base-4.14.0.0:Data.Typeable.Internal.Typeable
                          (Monad m1 => a1 -> m1 a1))
        arising from a static form
        (maybe you haven't applied a function to enough arguments?)
      from the context: m1 @@ a1
        bound by the type signature for:
                   f2 :: forall (m1 :: * -> *) a1.
                         (m1 @@ a1) =>
                         StaticPtr (Monad m1 => a1 -> m1 a1)
        at TcStaticPointersFail02.hs:11:1-37
    • In the expression: static return
      In an equation for ‘f2’: f2 = static return

TcStaticPointersFail02.hs:12:13: error:
    • Could not deduce: m @@ a arising from a use of ‘return’
      from the context: Monad m
        bound by a type expected by the context:
                   Monad m => a -> m a
        at TcStaticPointersFail02.hs:12:13-18
    • In the body of a static form: return
      In the expression: static return
      In an equation for ‘f2’: f2 = static return
    • Relevant bindings include
        f2 :: StaticPtr (Monad m => a -> m a)
          (bound at TcStaticPointersFail02.hs:12:1)
