f :: (m @@ b1, m @@ a, Monad m) => (m a, b2) -> m b1
