type role Foo phantom phantom
type Foo :: (* -> *) -> forall k. k -> *
data Foo a b
  	-- Defined at <interactive>:3:1
type instance forall (a :: * -> *) k (b :: k). Foo a @@ b
  = () :: Constraint
  	-- Defined at <interactive>:3:1
type instance Foo a @@ k = () :: Constraint
  	-- Defined at <interactive>:3:1
type instance Foo @@ a = () :: Constraint
  	-- Defined at <interactive>:3:1
