type A :: * -> * -> *
type family A a b
  	-- Defined at T4175.hs:7:1
type instance A (Maybe a) a = a 	-- Defined at T4175.hs:9:15
type instance A Int Int = () 	-- Defined at T4175.hs:8:15
type instance A (B a) b = () 	-- Defined at T4175.hs:10:15
type B :: * -> *
data family B a
  	-- Defined at T4175.hs:12:1
instance [safe] G B -- Defined at T4175.hs:34:10
type instance A (B a) b = () 	-- Defined at T4175.hs:10:15
data instance B () = MkB 	-- Defined at T4175.hs:13:15
type C :: * -> Constraint
class C a where
  type D :: * -> * -> *
  type family D a b
  	-- Defined at T4175.hs:16:5
type instance D () () = Bool 	-- Defined at T4175.hs:22:10
type instance D Int () = String 	-- Defined at T4175.hs:19:10
type E :: * -> *
type family E a where
    E () = Bool
    E Int = String
  	-- Defined at T4175.hs:24:1
type () :: *
data () = ()
  	-- Defined in ‘GHC.Tuple’
instance [safe] C () -- Defined at T4175.hs:21:10
instance Eq () -- Defined in ‘GHC.Classes’
instance Monoid () -- Defined in ‘GHC.Base’
instance Ord () -- Defined in ‘GHC.Classes’
instance Semigroup () -- Defined in ‘GHC.Base’
instance Enum () -- Defined in ‘GHC.Enum’
instance Show () -- Defined in ‘GHC.Show’
instance Read () -- Defined in ‘GHC.Read’
instance Bounded () -- Defined in ‘GHC.Enum’
type instance D () () = Bool 	-- Defined at T4175.hs:22:10
type instance D Int () = String 	-- Defined at T4175.hs:19:10
data instance B () = MkB 	-- Defined at T4175.hs:13:15
type Maybe :: * -> *
data Maybe a = Nothing | Just a
  	-- Defined in ‘GHC.Maybe’
instance Applicative Maybe -- Defined in ‘GHC.Base’
instance Eq a => Eq (Maybe a) -- Defined in ‘GHC.Maybe’
instance Functor Maybe -- Defined in ‘GHC.Base’
instance Monad Maybe -- Defined in ‘GHC.Base’
instance Semigroup a => Monoid (Maybe a) -- Defined in ‘GHC.Base’
instance Ord a => Ord (Maybe a) -- Defined in ‘GHC.Maybe’
instance Semigroup a => Semigroup (Maybe a)
  -- Defined in ‘GHC.Base’
instance Total Maybe -- Defined in ‘GHC.Base’
instance Traversable Maybe -- Defined in ‘Data.Traversable’
instance Show a => Show (Maybe a) -- Defined in ‘GHC.Show’
instance MonadFail Maybe -- Defined in ‘Control.Monad.Fail’
instance Read a => Read (Maybe a) -- Defined in ‘GHC.Read’
instance Foldable Maybe -- Defined in ‘Data.Foldable’
type instance A (Maybe a) a = a 	-- Defined at T4175.hs:9:15
type instance Maybe @@ a = () :: Constraint
  	-- Defined in ‘GHC.Maybe’
type instance Maybe @@ a = () :: Constraint
  	-- Defined in ‘GHC.Base’
type Int :: *
data Int = GHC.Types.I# GHC.Prim.Int#
  	-- Defined in ‘GHC.Types’
instance [safe] C Int -- Defined at T4175.hs:18:10
instance Eq Int -- Defined in ‘GHC.Classes’
instance Ord Int -- Defined in ‘GHC.Classes’
instance Enum Int -- Defined in ‘GHC.Enum’
instance Num Int -- Defined in ‘GHC.Num’
instance Real Int -- Defined in ‘GHC.Real’
instance Show Int -- Defined in ‘GHC.Show’
instance Read Int -- Defined in ‘GHC.Read’
instance Bounded Int -- Defined in ‘GHC.Enum’
instance Integral Int -- Defined in ‘GHC.Real’
type instance D Int () = String 	-- Defined at T4175.hs:19:10
type instance A Int Int = () 	-- Defined at T4175.hs:8:15
type Z :: * -> Constraint
class Z a
  	-- Defined at T4175.hs:28:1
instance [safe] F (Z a) -- Defined at T4175.hs:31:10
