type () :: *
data () = ()
  	-- Defined in ‘GHC.Tuple’
instance Eq () -- Defined in ‘GHC.Classes’
instance Monoid () -- Defined in ‘GHC.Base’
instance Ord () -- Defined in ‘GHC.Classes’
instance Semigroup () -- Defined in ‘GHC.Base’
instance Enum () -- Defined in ‘GHC.Enum’
instance Show () -- Defined in ‘GHC.Show’
instance Read () -- Defined in ‘GHC.Read’
instance Bounded () -- Defined in ‘GHC.Enum’
type (##) :: TYPE ('GHC.Types.TupleRep '[])
data (##) = (##)
  	-- Defined in ‘GHC.Prim’
() :: ()
(##) :: (# #)
(   ) :: ()
(#   #) :: (# #)
type (,) :: * -> * -> *
data (,) a b = (,) a b
  	-- Defined in ‘GHC.Tuple’
instance Monoid a => Applicative ((,) a) -- Defined in ‘GHC.Base’
instance (Eq a, Eq b) => Eq (a, b) -- Defined in ‘GHC.Classes’
instance Functor ((,) a) -- Defined in ‘GHC.Base’
instance Monoid a => Monad ((,) a) -- Defined in ‘GHC.Base’
instance (Monoid a, Monoid b) => Monoid (a, b)
  -- Defined in ‘GHC.Base’
instance (Ord a, Ord b) => Ord (a, b) -- Defined in ‘GHC.Classes’
instance (Semigroup a, Semigroup b) => Semigroup (a, b)
  -- Defined in ‘GHC.Base’
instance Total ((,) a) -- Defined in ‘GHC.Base’
instance Traversable ((,) a) -- Defined in ‘Data.Traversable’
instance (Show a, Show b) => Show (a, b) -- Defined in ‘GHC.Show’
instance (Read a, Read b) => Read (a, b) -- Defined in ‘GHC.Read’
instance Foldable ((,) a) -- Defined in ‘Data.Foldable’
instance (Bounded a, Bounded b) => Bounded (a, b)
  -- Defined in ‘GHC.Enum’
type instance (,) b @@ a = () :: Constraint
  	-- Defined in ‘Data.Traversable’
type instance (,) @@ a = () :: Constraint
  	-- Defined in ‘Data.Traversable’
type instance (,) b @@ a = () :: Constraint
  	-- Defined in ‘GHC.Base’
type instance (,) @@ a = () :: Constraint 	-- Defined in ‘GHC.Base’
type (#,#) :: *
              -> *
              -> TYPE
                   ('GHC.Types.TupleRep
                      '[ 'GHC.Types.LiftedRep, 'GHC.Types.LiftedRep])
data (#,#) a b = (#,#) a b
  	-- Defined in ‘GHC.Prim’
(,) :: a -> b -> (a, b)
(#,#) :: a -> b -> (# a, b #)
(  ,  ) :: a -> b -> (a, b)
(#  ,  #) :: a -> b -> (# a, b #)
