
T3263-2.hs:26:3: warning: [-Wwrong-do-bind (in -Wdefault)]
    A do-notation statement discarded a result of type ‘m Int’
    Suppress this warning by saying ‘_ <- return (return 10 :: m Int)’

T3263-2.hs:38:3: warning: [-Wwrong-do-bind (in -Wdefault)]
    A do-notation statement discarded a result of type ‘m Int’
    Suppress this warning by saying ‘_ <- return (return 10 :: m Int)’
