
T12811.hs:4:15: error: Not in scope: type constructor or class ‘.’
