
T14172a.hs:30:13: error:
    • Could not deduce: (p @@ a, p a @@ f b, p @@ s, p s @@ f t)
        arising from a use of ‘dimap’
      from the context: (Profunctor p, Functor f)
        bound by the type signature for:
                   iso :: (s -> a) -> (b -> t) -> Iso s t a b
        at T14172a.hs:30:1-30
    • In the expression: dimap sa (fmap bt)
      In an equation for ‘iso’: iso sa bt = dimap sa (fmap bt)
    • Relevant bindings include
        sa :: s -> a (bound at T14172a.hs:30:5)
        iso :: (s -> a) -> (b -> t) -> Iso s t a b
          (bound at T14172a.hs:30:1)

T14172a.hs:30:23: error:
    • Could not deduce: (f @@ t, f @@ b) arising from a use of ‘fmap’
      from the context: (Profunctor p, Functor f)
        bound by the type signature for:
                   iso :: (s -> a) -> (b -> t) -> Iso s t a b
        at T14172a.hs:30:1-30
    • In the second argument of ‘dimap’, namely ‘(fmap bt)’
      In the expression: dimap sa (fmap bt)
      In an equation for ‘iso’: iso sa bt = dimap sa (fmap bt)
    • Relevant bindings include
        bt :: b -> t (bound at T14172a.hs:30:8)
        iso :: (s -> a) -> (b -> t) -> Iso s t a b
          (bound at T14172a.hs:30:1)
