
T4174.hs:44:12: error:
    • Could not deduce: b ~ RtsSpinLock
      from the context: (m @@ Field (Way (GHC6'8 minor) n t p) a b,
                         Field (Way (GHC6'8 minor) n t p) a @@ b,
                         Field @@ Way (GHC6'8 minor) n t p,
                         Field (Way (GHC6'8 minor) n t p) @@ a, Way (GHC6'8 minor) n t @@ p,
                         Way (GHC6'8 minor) @@ n, Way @@ GHC6'8 minor,
                         Way (GHC6'8 minor) n @@ t, GHC6'8 @@ minor, Monad m)
        bound by the type signature for:
                   testcase :: forall (m :: * -> *) minor n t p a b.
                               (m @@ Field (Way (GHC6'8 minor) n t p) a b,
                                Field (Way (GHC6'8 minor) n t p) a @@ b,
                                Field @@ Way (GHC6'8 minor) n t p,
                                Field (Way (GHC6'8 minor) n t p) @@ a, Way (GHC6'8 minor) n t @@ p,
                                Way (GHC6'8 minor) @@ n, Way @@ GHC6'8 minor,
                                Way (GHC6'8 minor) n @@ t, GHC6'8 @@ minor, Monad m) =>
                               m (Field (Way (GHC6'8 minor) n t p) a b)
        at T4174.hs:43:1-63
      ‘b’ is a rigid type variable bound by
        the type signature for:
          testcase :: forall (m :: * -> *) minor n t p a b.
                      (m @@ Field (Way (GHC6'8 minor) n t p) a b,
                       Field (Way (GHC6'8 minor) n t p) a @@ b,
                       Field @@ Way (GHC6'8 minor) n t p,
                       Field (Way (GHC6'8 minor) n t p) @@ a, Way (GHC6'8 minor) n t @@ p,
                       Way (GHC6'8 minor) @@ n, Way @@ GHC6'8 minor,
                       Way (GHC6'8 minor) n @@ t, GHC6'8 @@ minor, Monad m) =>
                      m (Field (Way (GHC6'8 minor) n t p) a b)
        at T4174.hs:43:1-63
      Expected type: m (Field (Way (GHC6'8 minor) n t p) a b)
        Actual type: m (Field (WayOf m) SmStep RtsSpinLock)
    • In the expression: sync_large_objects
      In an equation for ‘testcase’: testcase = sync_large_objects
    • Relevant bindings include
        testcase :: m (Field (Way (GHC6'8 minor) n t p) a b)
          (bound at T4174.hs:44:1)
