
T14066e.hs:13:65: error:
    • Expected a type, but ‘c'’ has kind ‘k’
    • In the kind ‘c'’
      In the first argument of ‘Proxy’, namely ‘(b' :: c')’
      In an expression type signature: Proxy (b' :: c')
    • Relevant bindings include
        p2 :: Proxy c (bound at T14066e.hs:13:27)
        j :: Proxy a -> Proxy b -> Proxy c -> Proxy b
          (bound at T14066e.hs:13:5)
