
T12734a.hs:72:16: error:
    • Could not deduce (Monad (KT A '[Ty] IO))
        arising from a use of ‘test_gr’
      from the context: (KT A '[Ty] IO @@ Expr Net '[Ty], KT A @@ '[Ty],
                         KT @@ A, KT A '[Ty] @@ IO, Expr @@ Net, Expr Net @@ '[Ty])
        bound by the type signature for:
                   test_ghc_err :: (KT A '[Ty] IO @@ Expr Net '[Ty], KT A @@ '[Ty],
                                    KT @@ A, KT A '[Ty] @@ IO, Expr @@ Net, Expr Net @@ '[Ty]) =>
                                   KT A '[Ty] IO (Expr Net '[Ty])
        at T12734a.hs:70:1-46
    • In the expression:
        test_gr @(KT A '[Ty] IO) @_ @'[Ty] @(Expr Net '[Ty])
      In an equation for ‘test_ghc_err’:
          test_ghc_err = test_gr @(KT A '[Ty] IO) @_ @'[Ty] @(Expr Net '[Ty])
