
GenCannotDoRep0_0.hs:13:45: error:
    • Can't make a derived instance of ‘Generic Dynamic’:
        Constructor ‘Dynamic’ has existential type variables in its type
    • In the data declaration for ‘Dynamic’
    Suggested fix: Use a standalone deriving declaration instead
