
==================== FloatOut stats: ====================
0 Lets floated to top level; 0 Lets floated elsewhere; from 3 Lambda groups



==================== FloatOut stats: ====================
0 Lets floated to top level; 0 Lets floated elsewhere; from 3 Lambda groups



==================== Grand total simplifier statistics ====================
Total ticks:     11

2 PreInlineUnconditionally
  1 f
  1 irred
1 UnfoldingDone 1 Roman.bar
2 LetFloatFromLet 2
1 EtaReduction 1 a
5 BetaReduction
  1 f
  1 a
  1 m
  1 m0
  1 irred
9 SimplifierDone 9


