: Numeric group ID too large: Numeric group ID too large: Numeric group ID too large: Numeric group ID too large: Numeric group ID too large: Numeric group ID too large: Numeric group ID too large: Numeric group ID too large: Numeric group ID too large: Numeric group ID too large: Numeric group ID too large