ioprof: a
CallStack (from HasCallStack):
  error, called at ioprof.hs:25:22 in main:Main
CallStack (from -prof):
  Main.errorM.\ (ioprof.hs:25:22-28)
  Main.errorM (ioprof.hs:25:1-28)
  Main.foo (ioprof.hs:36:1-16)
  Main.>>=.\ (ioprof.hs:(13,27)-(14,50))
  Main.>>= (ioprof.hs:(13,3)-(14,50))
  Main.<*> (ioprof.hs:22:5-14)
  Main.bar (ioprof.hs:33:1-20)
  Main.runM (ioprof.hs:28:1-37)
  Main.main (ioprof.hs:30:1-43)
  Main.CAF (<entire-module>)
