type (->) :: * -> * -> *
data (->) a b
  	-- Defined in ‘GHC.Prim’
infixr -1 ->
instance Applicative ((->) r) -- Defined in ‘GHC.Base’
instance Functor ((->) r) -- Defined in ‘GHC.Base’
instance Monad ((->) r) -- Defined in ‘GHC.Base’
instance Monoid b => Monoid (a -> b) -- Defined in ‘GHC.Base’
instance Semigroup b => Semigroup (a -> b) -- Defined in ‘GHC.Base’
instance Total ((->) a) -- Defined in ‘GHC.Base’
type instance Either @@ a = () :: Constraint
  	-- Defined in ‘Data.Either’
type instance (,) @@ a = () :: Constraint
  	-- Defined in ‘Data.Traversable’
type instance (->) b @@ a = () :: Constraint
  	-- Defined in ‘GHC.Base’
type instance (->) @@ a = () :: Constraint
  	-- Defined in ‘GHC.Base’
type instance (,,,,,,,,) h g f e d c b @@ a = () :: Constraint
  	-- Defined in ‘GHC.Base’
type instance (,,,,,,,,) g f e d c b @@ a = () :: Constraint
  	-- Defined in ‘GHC.Base’
type instance (,,,,,,,,) f e d c b @@ a = () :: Constraint
  	-- Defined in ‘GHC.Base’
type instance (,,,,,,,,) e d c b @@ a = () :: Constraint
  	-- Defined in ‘GHC.Base’
type instance (,,,,,,,,) d c b @@ a = () :: Constraint
  	-- Defined in ‘GHC.Base’
type instance (,,,,,,,,) c b @@ a = () :: Constraint
  	-- Defined in ‘GHC.Base’
type instance (,,,,,,,,) b @@ a = () :: Constraint
  	-- Defined in ‘GHC.Base’
type instance (,,,,,,,,) @@ a = () :: Constraint
  	-- Defined in ‘GHC.Base’
type instance (,,,,,,,) g f e d c b @@ a = () :: Constraint
  	-- Defined in ‘GHC.Base’
type instance (,,,,,,,) f e d c b @@ a = () :: Constraint
  	-- Defined in ‘GHC.Base’
type instance (,,,,,,,) e d c b @@ a = () :: Constraint
  	-- Defined in ‘GHC.Base’
type instance (,,,,,,,) d c b @@ a = () :: Constraint
  	-- Defined in ‘GHC.Base’
type instance (,,,,,,,) c b @@ a = () :: Constraint
  	-- Defined in ‘GHC.Base’
type instance (,,,,,,,) b @@ a = () :: Constraint
  	-- Defined in ‘GHC.Base’
type instance (,,,,,,,) @@ a = () :: Constraint
  	-- Defined in ‘GHC.Base’
type instance (,,,,,,) f e d c b @@ a = () :: Constraint
  	-- Defined in ‘GHC.Base’
type instance (,,,,,,) e d c b @@ a = () :: Constraint
  	-- Defined in ‘GHC.Base’
type instance (,,,,,,) d c b @@ a = () :: Constraint
  	-- Defined in ‘GHC.Base’
type instance (,,,,,,) c b @@ a = () :: Constraint
  	-- Defined in ‘GHC.Base’
type instance (,,,,,,) b @@ a = () :: Constraint
  	-- Defined in ‘GHC.Base’
type instance (,,,,,,) @@ a = () :: Constraint
  	-- Defined in ‘GHC.Base’
type instance (,,,,,) e d c b @@ a = () :: Constraint
  	-- Defined in ‘GHC.Base’
type instance (,,,,,) d c b @@ a = () :: Constraint
  	-- Defined in ‘GHC.Base’
type instance (,,,,,) c b @@ a = () :: Constraint
  	-- Defined in ‘GHC.Base’
type instance (,,,,,) b @@ a = () :: Constraint
  	-- Defined in ‘GHC.Base’
type instance (,,,,,) @@ a = () :: Constraint
  	-- Defined in ‘GHC.Base’
type instance (,,,,) d c b @@ a = () :: Constraint
  	-- Defined in ‘GHC.Base’
type instance (,,,,) c b @@ a = () :: Constraint
  	-- Defined in ‘GHC.Base’
type instance (,,,,) b @@ a = () :: Constraint
  	-- Defined in ‘GHC.Base’
type instance (,,,,) @@ a = () :: Constraint
  	-- Defined in ‘GHC.Base’
type instance (,,,) c b @@ a = () :: Constraint
  	-- Defined in ‘GHC.Base’
type instance (,,,) b @@ a = () :: Constraint
  	-- Defined in ‘GHC.Base’
type instance (,,,) @@ a = () :: Constraint
  	-- Defined in ‘GHC.Base’
type instance (,,) b @@ a = () :: Constraint
  	-- Defined in ‘GHC.Base’
type instance (,,) @@ a = () :: Constraint
  	-- Defined in ‘GHC.Base’
type instance (,) @@ a = () :: Constraint 	-- Defined in ‘GHC.Base’
