base language is: Haskell2010
with the following modifiers:
  -XNondecreasingIndentation
